// Jest Snapshot v1, https://goo.gl/fbAQLP

exports[`ViewNewsPage should match snapshot 1`] = `
<DocumentFragment>
  <section
    class="container"
    data-testid="news-page"
  >
    <h1
      class="typography h1 heading"
    >
      viewNewsPage.title
    </h1>
    <div
      class="contentWrapper"
    >
      <figure
        class="section imageWrapper"
        data-testid="image"
      >
        <img
          alt="viewNewsPage.imgAlt"
          class="image"
          src="http://localhost/test.jpg"
        />
      </figure>
      <div
        class="textSection main"
      >
        <h2
          class="typography h2 title"
          data-testid="title"
        >
          Test news title
        </h2>
        <p
          class="typography p text"
          data-testid="text"
        >
          Test news text
        </p>
      </div>
      <div
        class="textSection actions"
      >
        <button
          class="actionButton backBtn button default"
          data-testid="btn-back"
          id="btn-back"
        >
          formButtons.back
        </button>
        <div
          class="actionGroup"
        >
          <button
            class="actionButton editBtn button secondary"
            data-testid="btn-edit"
            id="btn-edit"
          >
            formButtons.edit
          </button>
        </div>
      </div>
    </div>
  </section>
</DocumentFragment>
`;
